23:34:45 **** Build of configuration Debug for project PCAM_app ****
make all 
make --no-print-directory pre-build
a9-linaro-pre-build-step
 
make --no-print-directory main-build
Building file: ../src/dynclk.c
Invoking: ARM v7 gcc compiler
arm-none-eabi-gcc -Wall -O0 -g3 -c -fmessage-length=0 -MT"src/dynclk.o" -mcpu=cortex-a9 -mfpu=vfpv3 -mfloat-abi=hard -I/home/ernesto/workstation/Systems_Cleanbot/software/design_1_wrapper/export/design_1_wrapper/sw/design_1_wrapper/standalone_ps7_cortexa9_0/bspinclude/include -MMD -MP -MF"src/dynclk.d" -MT"src/dynclk.o" -o "src/dynclk.o" "../src/dynclk.c"
Finished building: ../src/dynclk.c
 
Building file: ../src/helloworld.c
Invoking: ARM v7 gcc compiler
arm-none-eabi-gcc -Wall -O0 -g3 -c -fmessage-length=0 -MT"src/helloworld.o" -mcpu=cortex-a9 -mfpu=vfpv3 -mfloat-abi=hard -I/home/ernesto/workstation/Systems_Cleanbot/software/design_1_wrapper/export/design_1_wrapper/sw/design_1_wrapper/standalone_ps7_cortexa9_0/bspinclude/include -MMD -MP -MF"src/helloworld.d" -MT"src/helloworld.o" -o "src/helloworld.o" "../src/helloworld.c"
../src/helloworld.c: In function 'main':
../src/helloworld.c:61:5: warning: implicit declaration of function 'disable_caches' [-Wimplicit-function-declaration]
   61 |     disable_caches();
      |     ^~~~~~~~~~~~~~
../src/helloworld.c:92:5: warning: implicit declaration of function 'usleep' [-Wimplicit-function-declaration]
   92 |     usleep(1000000);
      |     ^~~~~~
../src/helloworld.c:198:29: warning: passing argument 1 of 'Initial_setting_1' from incompatible pointer type [-Wincompatible-pointer-types]
  198 |         Initial_setting_1 ( cfg_init , 63  );
      |                             ^~~~~~~~
      |                             |
      |                             u32 (*)[2] {aka long unsigned int (*)[2]}
../src/helloworld.c:46:31: note: expected 'u32 *' {aka 'long unsigned int *'} but argument is of type 'u32 (*)[2]' {aka 'long unsigned int (*)[2]'}
   46 | int  Initial_setting_1 ( u32 *cfg_init , int cfg_init_QTY  );
      |                          ~~~~~^~~~~~~~
../src/helloworld.c:199:29: warning: passing argument 1 of 'Initial_setting_1' from incompatible pointer type [-Wincompatible-pointer-types]
  199 |         Initial_setting_1 ( cfg_720p_60fps , 38  );
      |                             ^~~~~~~~~~~~~~
      |                             |
      |                             u32 (*)[2] {aka long unsigned int (*)[2]}
../src/helloworld.c:46:31: note: expected 'u32 *' {aka 'long unsigned int *'} but argument is of type 'u32 (*)[2]' {aka 'long unsigned int (*)[2]'}
   46 | int  Initial_setting_1 ( u32 *cfg_init , int cfg_init_QTY  );
      |                          ~~~~~^~~~~~~~
In file included from /home/ernesto/workstation/Systems_Cleanbot/software/design_1_wrapper/export/design_1_wrapper/sw/design_1_wrapper/standalone_ps7_cortexa9_0/bspinclude/include/xgpio.h:116,
                 from ../src/helloworld.c:5:
../src/helloworld.c: In function 'detect_camera':
/home/ernesto/workstation/Systems_Cleanbot/software/design_1_wrapper/export/design_1_wrapper/sw/design_1_wrapper/standalone_ps7_cortexa9_0/bspinclude/include/xstatus.h:43:41: warning: 'return' with a value, in function returning void [-Wreturn-type]
   43 | #define XST_FAILURE                     1L
      |                                         ^~
../src/helloworld.c:244:24: note: in expansion of macro 'XST_FAILURE'
  244 |                 return XST_FAILURE;
      |                        ^~~~~~~~~~~
../src/helloworld.c:230:6: note: declared here
  230 | void detect_camera()
      |      ^~~~~~~~~~~~~
In file included from /home/ernesto/workstation/Systems_Cleanbot/software/design_1_wrapper/export/design_1_wrapper/sw/design_1_wrapper/standalone_ps7_cortexa9_0/bspinclude/include/xgpio.h:116,
                 from ../src/helloworld.c:5:
/home/ernesto/workstation/Systems_Cleanbot/software/design_1_wrapper/export/design_1_wrapper/sw/design_1_wrapper/standalone_ps7_cortexa9_0/bspinclude/include/xstatus.h:43:41: warning: 'return' with a value, in function returning void [-Wreturn-type]
   43 | #define XST_FAILURE                     1L
      |                                         ^~
../src/helloworld.c:250:24: note: in expansion of macro 'XST_FAILURE'
  250 |                 return XST_FAILURE;
      |                        ^~~~~~~~~~~
../src/helloworld.c:230:6: note: declared here
  230 | void detect_camera()
      |      ^~~~~~~~~~~~~
In file included from /home/ernesto/workstation/Systems_Cleanbot/software/design_1_wrapper/export/design_1_wrapper/sw/design_1_wrapper/standalone_ps7_cortexa9_0/bspinclude/include/xgpio.h:116,
                 from ../src/helloworld.c:5:
../src/helloworld.c: In function 'read_camera':
/home/ernesto/workstation/Systems_Cleanbot/software/design_1_wrapper/export/design_1_wrapper/sw/design_1_wrapper/standalone_ps7_cortexa9_0/bspinclude/include/xstatus.h:43:41: warning: 'return' with a value, in function returning void [-Wreturn-type]
   43 | #define XST_FAILURE                     1L
      |                                         ^~
../src/helloworld.c:275:24: note: in expansion of macro 'XST_FAILURE'
  275 |                 return XST_FAILURE;
      |                        ^~~~~~~~~~~
../src/helloworld.c:261:6: note: declared here
  261 | void read_camera()
      |      ^~~~~~~~~~~
In file included from /home/ernesto/workstation/Systems_Cleanbot/software/design_1_wrapper/export/design_1_wrapper/sw/design_1_wrapper/standalone_ps7_cortexa9_0/bspinclude/include/xgpio.h:116,
                 from ../src/helloworld.c:5:
/home/ernesto/workstation/Systems_Cleanbot/software/design_1_wrapper/export/design_1_wrapper/sw/design_1_wrapper/standalone_ps7_cortexa9_0/bspinclude/include/xstatus.h:43:41: warning: 'return' with a value, in function returning void [-Wreturn-type]
   43 | #define XST_FAILURE                     1L
      |                                         ^~
../src/helloworld.c:281:24: note: in expansion of macro 'XST_FAILURE'
  281 |                 return XST_FAILURE;
      |                        ^~~~~~~~~~~
../src/helloworld.c:261:6: note: declared here
  261 | void read_camera()
      |      ^~~~~~~~~~~
../src/helloworld.c: In function 'Initial_setting_1':
../src/helloworld.c:288:23: warning: unused variable 'byte_count' [-Wunused-variable]
  288 |         s32  Status , byte_count;
      |                       ^~~~~~~~~~
../src/helloworld.c: In function 'main':
../src/helloworld.c:146:9: warning: 'result' is used uninitialized [-Wuninitialized]
  146 |         xil_printf("Video Mode = %i ", result);
      |         ^~~~~~~~~~~~~~~~~~~~~~~~~~~~~~~~~~~~~~
Finished building: ../src/helloworld.c
 
Building file: ../src/platform.c
Invoking: ARM v7 gcc compiler
arm-none-eabi-gcc -Wall -O0 -g3 -c -fmessage-length=0 -MT"src/platform.o" -mcpu=cortex-a9 -mfpu=vfpv3 -mfloat-abi=hard -I/home/ernesto/workstation/Systems_Cleanbot/software/design_1_wrapper/export/design_1_wrapper/sw/design_1_wrapper/standalone_ps7_cortexa9_0/bspinclude/include -MMD -MP -MF"src/platform.d" -MT"src/platform.o" -o "src/platform.o" "../src/platform.c"
Finished building: ../src/platform.c
 
Building target: PCAM_app.elf
Invoking: ARM v7 gcc linker
arm-none-eabi-gcc -mcpu=cortex-a9 -mfpu=vfpv3 -mfloat-abi=hard -Wl,-build-id=none -specs=Xilinx.spec -Wl,-T -Wl,../src/lscript.ld -L/home/ernesto/workstation/Systems_Cleanbot/software/design_1_wrapper/export/design_1_wrapper/sw/design_1_wrapper/standalone_ps7_cortexa9_0/bsplib/lib -o "PCAM_app.elf" ./src/dynclk.o ./src/helloworld.o ./src/platform.o   -Wl,--start-group,-lxil,-lgcc,-lc,--end-group
Finished building target: PCAM_app.elf
 
Invoking: ARM v7 Print Size
arm-none-eabi-size PCAM_app.elf  |tee "PCAM_app.elf.size"
   text	   data	    bss	    dec	    hex	filename
  60560	   2160	11084864	11147584	 aa1940	PCAM_app.elf
Finished building: PCAM_app.elf.size
 
Nothing to build in platform 'design_1_wrapper'

23:34:46 **** Incremental Build of configuration Debug for project PCAM_app ****
make all 
make --no-print-directory pre-build
a9-linaro-pre-build-step
 
make --no-print-directory main-build
make[1]: Nothing to be done for 'main-build'.
